[1/250] support-0001: completed
[2/250] support-0002: completed
[3/250] support-0003: completed
[4/250] support-0004: completed
[5/250] support-0005: completed
[6/250] support-0006: completed
[7/250] support-0007: completed
[8/250] support-0008: completed
[9/250] support-0009: completed
[10/250] support-0010: completed
[11/250] support-0011: completed
[12/250] support-0012: completed
[13/250] support-0013: completed
[14/250] support-0014: completed
[15/250] support-0015: completed
[16/250] support-0016: completed
[17/250] support-0017: completed
[18/250] support-0018: completed
[19/250] support-0019: completed
[20/250] support-0020: completed
[21/250] support-0021: completed
[22/250] support-0022: completed
[23/250] support-0023: completed
[24/250] support-0024: completed
[25/250] support-0025: completed
[26/250] support-0026: completed
[27/250] support-0027: completed
[28/250] support-0028: completed
[29/250] support-0029: completed
[30/250] support-0030: completed
[31/250] support-0031: completed
[32/250] support-0032: completed
[33/250] support-0033: completed
[34/250] support-0034: completed
[35/250] support-0035: completed
[36/250] support-0036: completed
[37/250] support-0037: completed
[38/250] support-0038: completed
[39/250] support-0039: completed
[40/250] support-0040: completed
[41/250] support-0041: completed
[42/250] support-0042: completed
[43/250] support-0043: completed
[44/250] support-0044: completed
[45/250] support-0045: completed
[46/250] support-0046: completed
[47/250] support-0047: completed
[48/250] support-0048: completed
[49/250] support-0049: completed
[50/250] support-0050: completed
[51/250] support-0051: completed
[52/250] support-0052: completed
[53/250] support-0053: completed
[54/250] support-0054: completed
[55/250] support-0055: completed
[56/250] support-0056: completed
[57/250] support-0057: completed
[58/250] support-0058: completed
[59/250] support-0059: completed
[60/250] support-0060: completed
[61/250] support-0061: completed
[62/250] support-0062: completed
[63/250] support-0063: completed
[64/250] support-0064: completed
[65/250] support-0065: completed
[66/250] support-0066: completed
[67/250] support-0067: completed
[68/250] support-0068: completed
[69/250] support-0069: completed
[70/250] support-0070: completed
[71/250] support-0071: completed
[72/250] support-0072: completed
[73/250] support-0073: completed
[74/250] support-0074: completed
[75/250] support-0075: completed
[76/250] support-0076: completed
[77/250] support-0077: completed
[78/250] support-0078: completed
[79/250] support-0079: completed
[80/250] support-0080: completed
[81/250] support-0081: completed
[82/250] support-0082: completed
[83/250] support-0083: completed
[84/250] support-0084: completed
[85/250] support-0085: completed
[86/250] support-0086: completed
[87/250] support-0087: completed
[88/250] support-0088: completed
[89/250] support-0089: completed
[90/250] support-0090: completed
[91/250] support-0091: completed
[92/250] support-0092: completed
[93/250] support-0093: completed
[94/250] support-0094: completed
[95/250] support-0095: completed
[96/250] support-0096: completed
[97/250] support-0097: completed
[98/250] support-0098: completed
[99/250] support-0099: completed
[100/250] support-0100: completed
[101/250] support-0101: completed
[102/250] support-0102: completed
[103/250] support-0103: completed
[104/250] support-0104: completed
[105/250] support-0105: completed
[106/250] support-0106: completed
[107/250] support-0107: completed
[108/250] support-0108: completed
[109/250] support-0109: completed
[110/250] support-0110: completed
[111/250] support-0111: completed
[112/250] support-0112: completed
[113/250] support-0113: completed
[114/250] support-0114: completed
[115/250] support-0115: completed
[116/250] support-0116: completed
[117/250] support-0117: completed
[118/250] support-0118: completed
[119/250] support-0119: completed
[120/250] support-0120: completed
[121/250] support-0121: completed
[122/250] support-0122: completed
[123/250] support-0123: completed
[124/250] support-0124: completed
[125/250] support-0125: completed
[126/250] support-0126: completed
[127/250] support-0127: completed
[128/250] support-0128: completed
[129/250] support-0129: completed
[130/250] support-0130: completed
[131/250] support-0131: completed
[132/250] support-0132: completed
[133/250] support-0133: completed
[134/250] support-0134: completed
[135/250] support-0135: completed
[136/250] support-0136: completed
[137/250] support-0137: completed
[138/250] support-0138: completed
[139/250] support-0139: completed
[140/250] support-0140: completed
[141/250] support-0141: completed
[142/250] support-0142: completed
[143/250] support-0143: completed
[144/250] support-0144: completed
[145/250] support-0145: completed
[146/250] support-0146: completed
[147/250] support-0147: completed
[148/250] support-0148: completed
[149/250] support-0149: completed
[150/250] support-0150: completed
[151/250] support-0151: completed
[152/250] support-0152: completed
[153/250] support-0153: completed
[154/250] support-0154: completed
[155/250] support-0155: completed
[156/250] support-0156: completed
[157/250] support-0157: completed
[158/250] support-0158: completed
[159/250] support-0159: completed
[160/250] support-0160: completed
[161/250] support-0161: completed
[162/250] support-0162: completed
[163/250] support-0163: completed
[164/250] support-0164: completed
[165/250] support-0165: completed
[166/250] support-0166: completed
[167/250] support-0167: completed
[168/250] support-0168: completed
[169/250] support-0169: completed
[170/250] support-0170: completed
[171/250] support-0171: completed
[172/250] support-0172: completed
[173/250] support-0173: completed
[174/250] support-0174: completed
[175/250] support-0175: completed
[176/250] support-0176: completed
[177/250] support-0177: completed
[178/250] support-0178: completed
[179/250] support-0179: completed
[180/250] support-0180: completed
[181/250] support-0181: completed
[182/250] support-0182: completed
[183/250] support-0183: completed
[184/250] support-0184: completed
[185/250] support-0185: completed
[186/250] support-0186: completed
[187/250] support-0187: completed
[188/250] support-0188: completed
[189/250] support-0189: completed
[190/250] support-0190: completed
[191/250] support-0191: completed
[192/250] support-0192: completed
[193/250] support-0193: completed
[194/250] support-0194: completed
[195/250] support-0195: completed
[196/250] support-0196: completed
[197/250] support-0197: completed
[198/250] support-0198: completed
[199/250] support-0199: completed
[200/250] support-0200: completed
[201/250] support-0201: completed
[202/250] support-0202: completed
[203/250] support-0203: completed
[204/250] support-0204: completed
[205/250] support-0205: completed
[206/250] support-0206: completed
[207/250] support-0207: completed
[208/250] support-0208: completed
[209/250] support-0209: completed
[210/250] support-0210: completed
[211/250] support-0211: completed
[212/250] support-0212: completed
[213/250] support-0213: completed
[214/250] support-0214: completed
[215/250] support-0215: completed
[216/250] support-0216: completed
[217/250] support-0217: completed
[218/250] support-0218: completed
[219/250] support-0219: completed
[220/250] support-0220: completed
[221/250] support-0221: completed
[222/250] support-0222: completed
[223/250] support-0223: completed
[224/250] support-0224: completed
[225/250] support-0225: completed
[226/250] support-0226: completed
[227/250] support-0227: completed
[228/250] support-0228: completed
[229/250] support-0229: completed
[230/250] support-0230: completed
[231/250] support-0231: completed
[232/250] support-0232: completed
[233/250] support-0233: completed
[234/250] support-0234: completed
[235/250] support-0235: completed
[236/250] support-0236: completed
[237/250] support-0237: completed
[238/250] support-0238: completed
[239/250] support-0239: completed
[240/250] support-0240: completed
[241/250] support-0241: completed
[242/250] support-0242: completed
[243/250] support-0243: completed
[244/250] support-0244: completed
[245/250] support-0245: completed
[246/250] support-0246: completed
[247/250] support-0247: completed
[248/250] support-0248: completed
[249/250] support-0249: completed
[250/250] support-0250: completed

250/250 completed. Results: scenarios/final-results.jsonl
Now open Langfuse and run reports/smoke.sql against ClickHouse.

               ^^^^^^^^^^^^^^^^^^^^^^^^^^^^^^^^^^^^^^
  File "/Users/maiufukui/.local/share/uv/python/cpython-3.12.13-macos-aarch64-none/lib/python3.12/json/decoder.py", line 356, in raw_decode
    raise JSONDecodeError("Expecting value", s, err.value) from None
json.decoder.JSONDecodeError: Expecting value: line 1 column 1 (char 0)

The above exception was the direct cause of the following exception:

Traceback (most recent call last):
  File "<frozen runpy>", line 198, in _run_module_as_main
  File "<frozen runpy>", line 88, in _run_code
  File "/Users/maiufukui/Cartwheel/scenarios/runner.py", line 202, in <module>
    main()
  File "/Users/maiufukui/Cartwheel/scenarios/runner.py", line 178, in main
    existing = load_results(out_path) if merging else {}
               ^^^^^^^^^^^^^^^^^^^^^^
  File "/Users/maiufukui/Cartwheel/scenarios/runner.py", line 116, in load_results
    records = load_jsonl(path)
              ^^^^^^^^^^^^^^^^
  File "/Users/maiufukui/Cartwheel/scenarios/validate.py", line 266, in load_jsonl
    raise ScenarioValidationError(f"{path}:{line_number}: invalid JSON: {exc.msg}") from exc
scenarios.validate.ScenarioValidationError: scenarios/final-results.jsonl:189: invalid JSON: Expecting value
Keeping 190 existing records; running 60 scenarios.
[1/60] support-0023: completed
[2/60] support-0024: completed
[3/60] support-0025: completed
[4/60] support-0026: completed
[5/60] support-0027: completed
[6/60] support-0028: completed
[7/60] support-0029: completed
[8/60] support-0042: completed
[9/60] support-0043: completed
[10/60] support-0045: completed
[11/60] support-0046: completed
[12/60] support-0047: completed
[13/60] support-0048: completed
[14/60] support-0049: completed
[15/60] support-0050: completed
[16/60] support-0055: completed
[17/60] support-0056: completed
[18/60] support-0059: completed
[19/60] support-0060: completed
[20/60] support-0062: completed
[21/60] support-0063: completed
[22/60] support-0064: completed
[23/60] support-0065: completed
[24/60] support-0066: completed
[25/60] support-0067: completed
[26/60] support-0068: completed
[27/60] support-0069: completed
[28/60] support-0075: completed
[29/60] support-0076: completed
[30/60] support-0082: completed
[31/60] support-0083: completed
[32/60] support-0117: completed
[33/60] support-0118: completed
[34/60] support-0119: completed
[35/60] support-0124: completed
[36/60] support-0125: completed
[37/60] support-0129: completed
[38/60] support-0130: completed
[39/60] support-0131: completed
[40/60] support-0132: completed
[41/60] support-0137: completed
[42/60] support-0138: completed
[43/60] support-0139: completed
[44/60] support-0140: completed
[45/60] support-0141: completed
[46/60] support-0142: completed
[47/60] support-0151: completed
[48/60] support-0152: completed
[49/60] support-0166: completed
[50/60] support-0167: completed
[51/60] support-0168: completed
[52/60] support-0169: completed
[53/60] support-0170: completed
[54/60] support-0171: completed
[55/60] support-0172: completed
[56/60] support-0173: completed
[57/60] support-0178: completed
[58/60] support-0179: completed
[59/60] support-0180: completed
[60/60] support-0225: completed

60/60 completed. Results: scenarios/final-results.jsonl
Now open Langfuse and run reports/smoke.sql against ClickHouse.
